// Jest Snapshot v1, https://goo.gl/fbAQLP

exports[`NoteListNav component renders a .ItemListNav by default 1`] = `
<div
  className="ItemListNav"
>
  <ul
    className="ItemListNav_list"
  />
  <div
    className="ItemListNav_button-wrapper"
  >
    <NavButton
      className="ItemListNav_add-inventory-button"
      tag={
        Object {
          "$$typeof": Symbol(react.forward_ref),
          "displayName": "Link",
          "propTypes": Object {
            "innerRef": [Function],
            "onClick": [Function],
            "replace": [Function],
            "target": [Function],
            "to": [Function],
          },
          "render": [Function],
        }
      }
      to="/add-inventory"
      type="button"
    >
      <FontAwesomeIcon
        border={false}
        className=""
        fixedWidth={false}
        flip={null}
        icon="plus"
        inverse={false}
        listItem={false}
        mask={null}
        pull={null}
        pulse={false}
        rotation={null}
        size={null}
        spin={false}
        swapOpacity={false}
        symbol={false}
        title=""
        transform={null}
      />
      <br />
      Inventory
    </NavButton>
  </div>
  <div
    className="ItemListNav_button-wrapper"
    key="NaN"
  >
    <NavButton
      className="ItemListNav_del-inventory-button"
      onClick={[Function]}
      tag={
        Object {
          "$$typeof": Symbol(react.forward_ref),
          "displayName": "Link",
          "propTypes": Object {
            "innerRef": [Function],
            "onClick": [Function],
            "replace": [Function],
            "target": [Function],
            "to": [Function],
          },
          "render": [Function],
        }
      }
      to="/inventory"
      type="button"
    >
      <FontAwesomeIcon
        border={false}
        className=""
        fixedWidth={false}
        flip={null}
        icon="minus"
        inverse={false}
        listItem={false}
        mask={null}
        pull={null}
        pulse={false}
        rotation={null}
        size={null}
        spin={false}
        swapOpacity={false}
        symbol={false}
        title=""
        transform={null}
      />
      <br />
      Inventory
    </NavButton>
  </div>
</div>
`;

exports[`NoteListNav component renders a link in ul for each inventory in array 1`] = `
<ul
  className="ItemListNav_list"
/>
`;
