// Jest Snapshot v1, https://goo.gl/fbAQLP

exports[`ItemListMain component renders a .ItemListMain by default 1`] = `
<section
  className="ItemListMain"
>
  <Route
    path="/"
  />
  <ul />
  <div
    className="ItemListMain_button-container"
  >
    <NavButton
      className="ItemListMain_add-item-button"
      tag={
        Object {
          "$$typeof": Symbol(react.forward_ref),
          "displayName": "Link",
          "propTypes": Object {
            "innerRef": [Function],
            "onClick": [Function],
            "replace": [Function],
            "target": [Function],
            "to": [Function],
          },
          "render": [Function],
        }
      }
      to="/add-item"
      type="button"
    >
      <FontAwesomeIcon
        border={false}
        className=""
        fixedWidth={false}
        flip={null}
        icon="plus"
        inverse={false}
        listItem={false}
        mask={null}
        pull={null}
        pulse={false}
        rotation={null}
        size={null}
        spin={false}
        swapOpacity={false}
        symbol={false}
        title=""
        transform={null}
      />
      <br />
      Item
    </NavButton>
  </div>
</section>
`;

exports[`ItemListMain component renders a Item in ul for each items in array 1`] = `<ul />`;
