// Jest Snapshot v1, https://goo.gl/fbAQLP

exports[`Add inventory testing renders the user inventory 1`] = `
<ContextConsumer>
  <Component />
</ContextConsumer>
`;
